[0] = Sword, Weapon, 30, 50
[1] = Axe, Weapon, 40, 50
[2] = Halberd, Weapon, 60, 40
[3] = Aged Brie, Food, 50, 10
[4] = Aged Milk, Food, 20, 20
[5] = Mutton, Food, 10, 10
[6] = Hand of Ragnaros, Sulfuras, 80, 80
[7] = I am Murloc, Backstage Passes, 20, 10
[8] = Raging Ogre, Backstage Passes, 10, 10
[9] = Giant Slayer, Conjured, 15, 50
[10] = Storm Hammer, Conjured, 20, 50
[11] = Belt of Giant Strength, Conjured, 20, 40
[12] = Cheese, Food, 5, 5
[13] = Potion of Healing, Potion, 10, 10
[14] = Bag of Holding, Misc, 10, 50
[15] = TAFKAL80ETC Concert, Backstage Passes, 15, 20
[16] = Elixir of the Mongoose, Potion, 5, 7
[17] = +5 Dexterity Vest, Armor, 10, 20
[18] = Full Plate Mail, Armor, 50, 50
[19] = Wooden Shield, Armor, 10, 30
